// Jest Snapshot v1, https://goo.gl/fbAQLP

exports[`Resume renders correctly 1`] = `<Resume />`;
